12-01 21:10:54 com_github_MitjaNemec_ReplicateLayout.action_replicate_layout 409:Plugin executed on: 'win32'
12-01 21:10:54 com_github_MitjaNemec_ReplicateLayout.action_replicate_layout 410:Plugin executed with python version: '3.11.5 (main, Jun 15 2025, 06:45:45) [MSC v.1942 64 bit (AMD64)]'
12-01 21:10:54 com_github_MitjaNemec_ReplicateLayout.action_replicate_layout 411:KiCad build version: 9.0.4
12-01 21:10:54 com_github_MitjaNemec_ReplicateLayout.action_replicate_layout 412:Plugin version: 4.0.3
12-01 21:10:54 com_github_MitjaNemec_ReplicateLayout.action_replicate_layout 413:Frame repr: <wx._core.Frame object at 0x000001A91EFEC4C0>
12-01 21:10:54 com_github_MitjaNemec_ReplicateLayout.action_replicate_layout 437:Preparing replicator with U1 as a reference
12-01 21:10:54 com_github_MitjaNemec_ReplicateLayout.replicate_layout 117:getting a list of all footprints on board
12-01 21:10:58 com_github_MitjaNemec_ReplicateLayout.action_replicate_layout 485:source anchor footprint is 'U1'
Located on: ['IMU', 'IMU1']
With filenames: ['IMU.kicad_sch', 'IMU1.kicad_sch']
With sheet_id:['IMU', 'IMU1']
12-01 21:10:58 com_github_MitjaNemec_ReplicateLayout.action_replicate_layout 492:Corresponding footprints are 
[('U2', ['IMU']), ('U1', ['IMU', 'IMU1'])]
12-01 21:10:58 com_github_MitjaNemec_ReplicateLayout.action_replicate_layout 504:Showing dialog
12-01 21:10:58 com_github_MitjaNemec_ReplicateLayout.replicate_layout 472:constructing a list of sheets suitable for replication on level:'IMU1', file:'IMU1.kicad_sch'
12-01 21:10:58 com_github_MitjaNemec_ReplicateLayout.replicate_layout 509:suitable sheets are:[]
12-01 21:10:58 com_github_MitjaNemec_ReplicateLayout.replicate_layout 1512:Level selected: ['IMU', 'IMU1']
12-01 21:10:58 com_github_MitjaNemec_ReplicateLayout.replicate_layout 1336:Filtering list of tracks
12-01 21:10:58 com_github_MitjaNemec_ReplicateLayout.action_replicate_layout 510:Toolbar position: wx.Point(3014, -988)
12-01 21:10:58 com_github_MitjaNemec_ReplicateLayout.action_replicate_layout 515:Dialog position: wx.Point(2575, -988)
12-01 21:11:02 com_github_MitjaNemec_ReplicateLayout.replicate_layout 472:constructing a list of sheets suitable for replication on level:'IMU', file:'IMU.kicad_sch'
12-01 21:11:02 com_github_MitjaNemec_ReplicateLayout.replicate_layout 509:suitable sheets are:[]
12-01 21:11:03 com_github_MitjaNemec_ReplicateLayout.replicate_layout 1512:Level selected: ['IMU']
12-01 21:11:03 com_github_MitjaNemec_ReplicateLayout.replicate_layout 1336:Filtering list of tracks
12-01 21:11:04 com_github_MitjaNemec_ReplicateLayout.replicate_layout 472:constructing a list of sheets suitable for replication on level:'IMU1', file:'IMU1.kicad_sch'
12-01 21:11:04 com_github_MitjaNemec_ReplicateLayout.replicate_layout 509:suitable sheets are:[]
12-01 21:11:04 com_github_MitjaNemec_ReplicateLayout.replicate_layout 1512:Level selected: ['IMU', 'IMU1']
12-01 21:11:04 com_github_MitjaNemec_ReplicateLayout.replicate_layout 1336:Filtering list of tracks
12-01 21:11:06 com_github_MitjaNemec_ReplicateLayout.replicate_layout 472:constructing a list of sheets suitable for replication on level:'IMU1', file:'IMU1.kicad_sch'
12-01 21:11:06 com_github_MitjaNemec_ReplicateLayout.replicate_layout 509:suitable sheets are:[]
12-01 21:11:06 com_github_MitjaNemec_ReplicateLayout.action_replicate_layout 248:Replicating layout
12-01 21:11:06 com_github_MitjaNemec_ReplicateLayout.replicate_layout 288:Starting replication of sheets: []
on level: ['IMU', 'IMU1']
with tracks=True, zone=True, text=True, text=True, intersecting=False, remove=False, locked footprints=False, group_only=False
12-01 21:11:06 root 340:updating GUI message: 'Preparing for replication'
12-01 21:11:06 root 345:updating GUI with: 0
12-01 21:11:06 com_github_MitjaNemec_ReplicateLayout.replicate_layout 358:Getting the list of source footprints
12-01 21:11:06 com_github_MitjaNemec_ReplicateLayout.replicate_layout 368:Getting the list of all the remaining footprints
12-01 21:11:06 com_github_MitjaNemec_ReplicateLayout.replicate_layout 375:Getting source tracks
12-01 21:11:06 com_github_MitjaNemec_ReplicateLayout.replicate_layout 1336:Filtering list of tracks
12-01 21:11:06 com_github_MitjaNemec_ReplicateLayout.replicate_layout 379:Getting source zones
12-01 21:11:06 root 345:updating GUI with: 50
12-01 21:11:06 com_github_MitjaNemec_ReplicateLayout.replicate_layout 383:Getting source text items
12-01 21:11:06 root 345:updating GUI with: 66
12-01 21:11:06 com_github_MitjaNemec_ReplicateLayout.replicate_layout 387:Getting source drawing items
12-01 21:11:06 root 340:updating GUI message: 'Replicating footprints'
12-01 21:11:06 com_github_MitjaNemec_ReplicateLayout.replicate_layout 863:Replicating footprints
12-01 21:11:06 root 340:updating GUI message: 'Replicating tracks'
12-01 21:11:06 com_github_MitjaNemec_ReplicateLayout.replicate_layout 1014:Replicating tracks
12-01 21:11:06 root 340:updating GUI message: 'Replicating zones'
12-01 21:11:06 com_github_MitjaNemec_ReplicateLayout.replicate_layout 1084:Replicating zones
12-01 21:11:06 root 340:updating GUI message: 'Replicating text'
12-01 21:11:06 com_github_MitjaNemec_ReplicateLayout.replicate_layout 1173:Replicating text
12-01 21:11:06 root 340:updating GUI message: 'Replicating drawings'
12-01 21:11:06 com_github_MitjaNemec_ReplicateLayout.replicate_layout 1224:Replicating drawings
12-01 21:11:08 com_github_MitjaNemec_ReplicateLayout.action_replicate_layout 264:Replication complete
